src/hooks/useAppLanguage.ts(29,35): error TS1005: '>' expected.
src/hooks/useAppLanguage.ts(29,40): error TS1005: ')' expected.
src/hooks/useAppLanguage.ts(31,10): error TS1161: Unterminated regular expression literal.
src/hooks/useAppLanguage.ts(32,3): error TS1128: Declaration or statement expected.
src/hooks/useAppLanguage.ts(33,1): error TS1128: Declaration or statement expected.
